<html>
<body>
<pre>
<h1>礦ision Build Log</h1>
<h2>Tool Versions:</h2>
IDE-Version: μVision V5.18.0.0
Copyright (C) 2016 ARM Ltd and ARM Germany GmbH. All rights reserved.
License Information: 1 2, 3, LIC=WHYH9-45XZI-X7RRZ-JTW16-MI3FA-MZ5D9
 
Tool Versions:
Toolchain:       MDK-ARM Standard  Version: 5.18
Toolchain Path:  E:\Keil_v5\ARM\ARMCC\Bin
C Compiler:      Armcc.exe V5.06 update 1 (build 61)
Assembler:       Armasm.exe V5.06 update 1 (build 61)
Linker/Locator:  ArmLink.exe V5.06 update 1 (build 61)
Library Manager: ArmAr.exe V5.06 update 1 (build 61)
Hex Converter:   FromElf.exe V5.06 update 1 (build 61)
CPU DLL:         SARMCM3.DLL V5.18
Dialog DLL:      DCM.DLL V1.13.6.0
Target DLL:      Segger\JL2CM3.dll V2.99.18.0
Dialog DLL:      TCM.DLL V1.14.8.0
 
<h2>Project:</h2>
F:\本科\毕业设计终稿\程序\system\register_project_demo.uvprojx
Project File Date:  03/03/2023

<h2>Output:</h2>
*** Using Compiler 'V5.06 update 1 (build 61)', folder: 'E:\Keil_v5\ARM\ARMCC\Bin'
Rebuild target 'Target 1'
assembling startup_stm32f40_41xxx.s...
compiling adc3.c...
compiling system_stm32f4xx.c...
compiling delay.c...
.\USER\inc\usart.h(17): warning:  #1-D: last line of file ends without a newline
  #endif
.\USER\inc\wifi.h(33): warning:  #1-D: last line of file ends without a newline
  #endif
.\USER\inc\mqtt.h(40): warning:  #1-D: last line of file ends without a newline
  #endif
.\USER\inc\tim.h(23): warning:  #1-D: last line of file ends without a newline
  #endif
.\USER\inc\relay.h(13): warning:  #1-D: last line of file ends without a newline
  #endif
.\USER\inc\main.h(23): warning:  #1-D: last line of file ends without a newline
  #endif
USER\src\delay.c: 6 warnings, 0 errors
compiling tim.c...
.\USER\inc\usart.h(17): warning:  #1-D: last line of file ends without a newline
  #endif
.\USER\inc\wifi.h(33): warning:  #1-D: last line of file ends without a newline
  #endif
.\USER\inc\mqtt.h(40): warning:  #1-D: last line of file ends without a newline
  #endif
.\USER\inc\tim.h(23): warning:  #1-D: last line of file ends without a newline
  #endif
.\USER\inc\relay.h(13): warning:  #1-D: last line of file ends without a newline
  #endif
.\USER\inc\main.h(23): warning:  #1-D: last line of file ends without a newline
  #endif
USER\src\tim.c(87): warning:  #1-D: last line of file ends without a newline
  }
USER\src\tim.c: 7 warnings, 0 errors
compiling iic.c...
.\USER\inc\usart.h(17): warning:  #1-D: last line of file ends without a newline
  #endif
.\USER\inc\wifi.h(33): warning:  #1-D: last line of file ends without a newline
  #endif
.\USER\inc\mqtt.h(40): warning:  #1-D: last line of file ends without a newline
  #endif
.\USER\inc\tim.h(23): warning:  #1-D: last line of file ends without a newline
  #endif
.\USER\inc\relay.h(13): warning:  #1-D: last line of file ends without a newline
  #endif
.\USER\inc\main.h(23): warning:  #1-D: last line of file ends without a newline
  #endif
USER\src\iic.c: 6 warnings, 0 errors
compiling wifi.c...
.\USER\inc\usart.h(17): warning:  #1-D: last line of file ends without a newline
  #endif
.\USER\inc\wifi.h(33): warning:  #1-D: last line of file ends without a newline
  #endif
.\USER\inc\mqtt.h(40): warning:  #1-D: last line of file ends without a newline
  #endif
.\USER\inc\tim.h(23): warning:  #1-D: last line of file ends without a newline
  #endif
.\USER\inc\relay.h(13): warning:  #1-D: last line of file ends without a newline
  #endif
.\USER\inc\main.h(23): warning:  #1-D: last line of file ends without a newline
  #endif
USER\src\wifi.c(69): warning:  #940-D: missing return statement at end of non-void function "wifi_connect_ap"
  }
USER\src\wifi.c: 7 warnings, 0 errors
compiling usart.c...
.\USER\inc\usart.h(17): warning:  #1-D: last line of file ends without a newline
  #endif
.\USER\inc\wifi.h(33): warning:  #1-D: last line of file ends without a newline
  #endif
.\USER\inc\mqtt.h(40): warning:  #1-D: last line of file ends without a newline
  #endif
.\USER\inc\tim.h(23): warning:  #1-D: last line of file ends without a newline
  #endif
.\USER\inc\relay.h(13): warning:  #1-D: last line of file ends without a newline
  #endif
.\USER\inc\main.h(23): warning:  #1-D: last line of file ends without a newline
  #endif
USER\src\usart.c: 6 warnings, 0 errors
compiling main.c...
.\USER\inc\usart.h(17): warning:  #1-D: last line of file ends without a newline
  #endif
.\USER\inc\wifi.h(33): warning:  #1-D: last line of file ends without a newline
  #endif
.\USER\inc\mqtt.h(40): warning:  #1-D: last line of file ends without a newline
  #endif
.\USER\inc\tim.h(23): warning:  #1-D: last line of file ends without a newline
  #endif
.\USER\inc\relay.h(13): warning:  #1-D: last line of file ends without a newline
  #endif
.\USER\inc\main.h(23): warning:  #1-D: last line of file ends without a newline
  #endif
USER\src\main.c(97): warning:  #1035-D: single-precision operand implicitly converted to double-precision
  			if(tem >= 28.0 || tem <= 18.0)
USER\src\main.c(97): warning:  #1035-D: single-precision operand implicitly converted to double-precision
  			if(tem >= 28.0 || tem <= 18.0)
USER\src\main.c(108): warning:  #1035-D: single-precision operand implicitly converted to double-precision
  			if(tem <= 26.0 && tem >= 22.0)
USER\src\main.c(108): warning:  #1035-D: single-precision operand implicitly converted to double-precision
  			if(tem <= 26.0 && tem >= 22.0)
USER\src\main.c(119): warning:  #1035-D: single-precision operand implicitly converted to double-precision
  			if(rh >= 67.0)
USER\src\main.c(130): warning:  #1035-D: single-precision operand implicitly converted to double-precision
  			if(rh <= 60.0)
USER\src\main.c: 12 warnings, 0 errors
compiling mqtt.c...
.\USER\inc\usart.h(17): warning:  #1-D: last line of file ends without a newline
  #endif
.\USER\inc\wifi.h(33): warning:  #1-D: last line of file ends without a newline
  #endif
.\USER\inc\mqtt.h(40): warning:  #1-D: last line of file ends without a newline
  #endif
.\USER\inc\tim.h(23): warning:  #1-D: last line of file ends without a newline
  #endif
.\USER\inc\relay.h(13): warning:  #1-D: last line of file ends without a newline
  #endif
.\USER\inc\main.h(23): warning:  #1-D: last line of file ends without a newline
  #endif
USER\src\mqtt.c: 6 warnings, 0 errors
compiling led.c...
compiling lcd.c...
.\USER\inc\usart.h(17): warning:  #1-D: last line of file ends without a newline
  #endif
USER\src\lcd.c(738): warning:  #223-D: function "printf" declared implicitly
   	printf(" LCD ID:%x\r\n",lcddev.id); //??印LCD ID
USER\src\lcd.c: 2 warnings, 0 errors
compiling lsens.c...
USER\src\lsens.c(44): warning:  #111-D: statement is unreachable
  	return temp_val;
USER\src\lsens.c: 1 warning, 0 errors
compiling sys.c...
compiling sht20.c...
.\USER\inc\usart.h(17): warning:  #1-D: last line of file ends without a newline
  #endif
.\USER\inc\wifi.h(33): warning:  #1-D: last line of file ends without a newline
  #endif
.\USER\inc\mqtt.h(40): warning:  #1-D: last line of file ends without a newline
  #endif
.\USER\inc\tim.h(23): warning:  #1-D: last line of file ends without a newline
  #endif
.\USER\inc\relay.h(13): warning:  #1-D: last line of file ends without a newline
  #endif
.\USER\inc\main.h(23): warning:  #1-D: last line of file ends without a newline
  #endif
USER\src\sht20.c: 6 warnings, 0 errors
compiling relay.c...
.\USER\inc\usart.h(17): warning:  #1-D: last line of file ends without a newline
  #endif
.\USER\inc\wifi.h(33): warning:  #1-D: last line of file ends without a newline
  #endif
.\USER\inc\mqtt.h(40): warning:  #1-D: last line of file ends without a newline
  #endif
.\USER\inc\tim.h(23): warning:  #1-D: last line of file ends without a newline
  #endif
.\USER\inc\relay.h(13): warning:  #1-D: last line of file ends without a newline
  #endif
.\USER\inc\main.h(23): warning:  #1-D: last line of file ends without a newline
  #endif
USER\src\relay.c(15): warning:  #1-D: last line of file ends without a newline
  }
USER\src\relay.c: 7 warnings, 0 errors
compiling misc.c...
compiling stm32f4xx_adc.c...
compiling stm32f4xx_cec.c...
compiling stm32f4xx_can.c...
compiling stm32f4xx_crc.c...
compiling stm32f4xx_cryp.c...
compiling stm32f4xx_cryp_aes.c...
compiling stm32f4xx_cryp_des.c...
compiling stm32f4xx_cryp_tdes.c...
compiling stm32f4xx_dac.c...
compiling stm32f4xx_dfsdm.c...
compiling stm32f4xx_dbgmcu.c...
compiling stm32f4xx_dcmi.c...
compiling stm32f4xx_dma.c...
compiling stm32f4xx_dsi.c...
compiling stm32f4xx_dma2d.c...
compiling stm32f4xx_exti.c...
compiling stm32f4xx_flash.c...
compiling stm32f4xx_flash_ramfunc.c...
compiling stm32f4xx_fmpi2c.c...
compiling stm32f4xx_gpio.c...
compiling stm32f4xx_hash.c...
compiling stm32f4xx_hash_md5.c...
compiling stm32f4xx_hash_sha1.c...
compiling stm32f4xx_iwdg.c...
compiling stm32f4xx_lptim.c...
compiling stm32f4xx_i2c.c...
compiling stm32f4xx_ltdc.c...
compiling stm32f4xx_pwr.c...
compiling stm32f4xx_qspi.c...
compiling stm32f4xx_rng.c...
compiling stm32f4xx_rcc.c...
compiling stm32f4xx_sdio.c...
compiling stm32f4xx_sai.c...
compiling stm32f4xx_spdifrx.c...
compiling stm32f4xx_syscfg.c...
compiling stm32f4xx_rtc.c...
compiling stm32f4xx_spi.c...
compiling stm32f4xx_usart.c...
compiling stm32f4xx_tim.c...
compiling stm32f4xx_wwdg.c...
compiling stm32f4xx_fsmc.c...
linking...
Program Size: Code=30114 RO-data=7422 RW-data=288 ZI-data=3072  
FromELF: creating hex file...
".\Objects\register_project_demo.axf" - 0 Error(s), 66 Warning(s).

<h2>Collection of Component include folders:</h2>
  F:\本科\毕业设计终稿\程序\system\RTE
  E:\Keil_v5\ARM\PACK\Keil\STM32F4xx_DFP\1.0.8\Device\Include

<h2>Collection of Component Files used:</h2>
Build Time Elapsed:  00:00:04
</pre>
</body>
</html>
